Testing generate_future_events...
Success! Generated 0 events.
